satzart;konto;gkonto;belession;buchdat;bession;buchsymbol;betrag;steession;text;kost;mession;kundennr;kundenname;extbelegnr;quellsystem;extkundenref
0;42;3600;1;15.01.2026;MZS;ER;9,75;;Æbelø, François - Musterauftrag Zürich Süd;Musterauftrag Zürich Süd;8.50;10042;Müller & Söhne AG;PO-2026-0042;ERP-01;CUST-042
0;77;3600;2;16.01.2026;MZS;ER;8,00;;Öhlund, Björn - Musterauftrag Zürich Süd;Musterauftrag Zürich Süd;8.00;10042;Müller & Söhne AG;PO-2026-0042;ERP-01;CUST-042
