Journal Date,Journal#,Reference#,Notes,Account Name,Description,Debit,Credit,Currency Code,Tax Name,Tax Percentage
2026-01-15,1,PO-2026-0042,Klacks hours export - Musterauftrag Zürich Süd,Salaries and Employee Wages,"Æbelø, François - Musterauftrag Zürich Süd",9.75,,EUR,,
2026-01-15,1,PO-2026-0042,Klacks hours export - Musterauftrag Zürich Süd,Accounts Payable,"Æbelø, François - Musterauftrag Zürich Süd",,9.75,EUR,,
2026-01-16,2,PO-2026-0042,Klacks hours export - Musterauftrag Zürich Süd,Salaries and Employee Wages,"Öhlund, Björn - Musterauftrag Zürich Süd",8.00,,EUR,,
2026-01-16,2,PO-2026-0042,Klacks hours export - Musterauftrag Zürich Süd,Accounts Payable,"Öhlund, Björn - Musterauftrag Zürich Süd",,8.00,EUR,,
